// Jest Snapshot v1, https://goo.gl/fbAQLP

exports[`<TrackCard /> should render and match the snapshot 1`] = `
<body>
  <div>
    <div
      class="MuiPaper-root MuiPaper-elevation MuiPaper-rounded MuiPaper-elevation1 MuiCard-root e12nrugs0 css-16zkfrb-MuiPaper-root-MuiCard-root"
      data-testid="track-card"
    >
      <p />
      <p />
      <p />
      <p />
    </div>
  </div>
</body>
`;
