// Jest Snapshot v1, https://goo.gl/fbAQLP

exports[`<Itunes /> container tests should render and match the snapshot 1`] = `
<body>
  <div>
    <div>
      <div
        class="MuiInputBase-root MuiOutlinedInput-root MuiInputBase-colorPrimary MuiInputBase-fullWidth e1n6u2mw0 css-hx2jjn-MuiInputBase-root-MuiOutlinedInput-root"
      >
        <input
          class="MuiInputBase-input MuiOutlinedInput-input css-1t8l2tu-MuiInputBase-input-MuiOutlinedInput-input"
          data-testid="search-bar"
          placeholder="wednesday-solutions/react-template"
          type="text"
          value=""
        />
        <fieldset
          aria-hidden="true"
          class="MuiOutlinedInput-notchedOutline css-1d3z3hw-MuiOutlinedInput-notchedOutline"
        >
          <legend
            class="css-ihdtdm"
          >
            <span
              class="notranslate"
            >
              â€‹
            </span>
          </legend>
        </fieldset>
      </div>
    </div>
  </div>
</body>
`;
