// Jest Snapshot v1, https://goo.gl/fbAQLP

exports[`<TrackPlayer /> should render and match the snapshot 1`] = `
<body>
  <div>
    <div
      class="css-1vmggjl e1hn6k2i0"
      data-testid="track-player"
    >
      <p>
        Select song to play
      </p>
    </div>
  </div>
</body>
`;
